// Jest Snapshot v1, https://goo.gl/fbAQLP

exports[`Title should render with default title 1`] = `
<p>
  Default title
</p>
`;

exports[`Title should render with title 1`] = `
<h1>
  hello
</h1>
`;
